
ROSY@LAPTOP-5M9C2IVC MINGW64 /e/Sweety/assignment
$ git config --edit --global

ROSY@LAPTOP-5M9C2IVC MINGW64 /e/Sweety/assignment
$ git init
Initialized empty Git repository in E:/Sweety/assignment/.git/

ROSY@LAPTOP-5M9C2IVC MINGW64 /e/Sweety/assignment (master)
$ code README.md

ROSY@LAPTOP-5M9C2IVC MINGW64 /e/Sweety/assignment (master)
$ git add .

ROSY@LAPTOP-5M9C2IVC MINGW64 /e/Sweety/assignment (master)
$ git commit -m "Add README.md file"
[master (root-commit) 1da3f7c] Add README.md file
 1 file changed, 2 insertions(+)
 create mode 100644 README.md

ROSY@LAPTOP-5M9C2IVC MINGW64 /e/Sweety/assignment (master)
$ git status
On branch master
nothing to commit, working tree clean

ROSY@LAPTOP-5M9C2IVC MINGW64 /e/Sweety/assignment (master)
$ code file.txt

ROSY@LAPTOP-5M9C2IVC MINGW64 /e/Sweety/assignment (master)
$ git add .

ROSY@LAPTOP-5M9C2IVC MINGW64 /e/Sweety/assignment (master)
$ git commit -m "Add file.txt file"
[master 0cf29ad] Add file.txt file
 1 file changed, 3 insertions(+)
 create mode 100644 file.txt

ROSY@LAPTOP-5M9C2IVC MINGW64 /e/Sweety/assignment (master)
$ git status
On branch master
nothing to commit, working tree clean

ROSY@LAPTOP-5M9C2IVC MINGW64 /e/Sweety/assignment (master)
$ git log
commit 0cf29add0e181b9f337dfcd178643073c309ec17 (HEAD -> master)
Author: Rajvinder Kaur <rajvinder.kaur@zensar.com>
Date:   Tue Jul 14 19:28:43 2020 +0530

    Add file.txt file

commit 1da3f7c8b14b6286b8f4aeabcbaf970c32226a28
Author: Rajvinder Kaur <rajvinder.kaur@zensar.com>
Date:   Tue Jul 14 19:25:01 2020 +0530

    Add README.md file

ROSY@LAPTOP-5M9C2IVC MINGW64 /e/Sweety/assignment (master)
$ git log --oneline
0cf29ad (HEAD -> master) Add file.txt file
1da3f7c Add README.md file

ROSY@LAPTOP-5M9C2IVC MINGW64 /e/Sweety/assignment (master)
$ code file2.txt

ROSY@LAPTOP-5M9C2IVC MINGW64 /e/Sweety/assignment (master)
$ git add .

ROSY@LAPTOP-5M9C2IVC MINGW64 /e/Sweety/assignment (master)
$ git commit -m "Add file2.txt file"
[master 369047a] Add file2.txt file
 1 file changed, 2 insertions(+)
 create mode 100644 file2.txt

ROSY@LAPTOP-5M9C2IVC MINGW64 /e/Sweety/assignment (master)
$ git status
On branch master
nothing to commit, working tree clean

ROSY@LAPTOP-5M9C2IVC MINGW64 /e/Sweety/assignment (master)
$ git log --oneline
369047a (HEAD -> master) Add file2.txt file
0cf29ad Add file.txt file
1da3f7c Add README.md file

ROSY@LAPTOP-5M9C2IVC MINGW64 /e/Sweety/assignment (master)
$ git reset --hard HEAD~1
HEAD is now at 0cf29ad Add file.txt file

ROSY@LAPTOP-5M9C2IVC MINGW64 /e/Sweety/assignment (master)
$ git log
commit 0cf29add0e181b9f337dfcd178643073c309ec17 (HEAD -> master)
Author: Rajvinder Kaur <rajvinder.kaur@zensar.com>
Date:   Tue Jul 14 19:28:43 2020 +0530

    Add file.txt file

commit 1da3f7c8b14b6286b8f4aeabcbaf970c32226a28
Author: Rajvinder Kaur <rajvinder.kaur@zensar.com>
Date:   Tue Jul 14 19:25:01 2020 +0530

    Add README.md file

ROSY@LAPTOP-5M9C2IVC MINGW64 /e/Sweety/assignment (master)
$ git log --oneline
0cf29ad (HEAD -> master) Add file.txt file
1da3f7c Add README.md file

ROSY@LAPTOP-5M9C2IVC MINGW64 /e/Sweety/assignment (master)
$ git remote add origin https://github.com/rajvinderkaur99/donet_assignment.git

ROSY@LAPTOP-5M9C2IVC MINGW64 /e/Sweety/assignment (master)
$ git push -u origin master
Enumerating objects: 6, done.
Counting objects: 100% (6/6), done.
Delta compression using up to 8 threads
Compressing objects: 100% (5/5), done.
Writing objects: 100% (6/6), 996 bytes | 996.00 KiB/s, done.
Total 6 (delta 0), reused 0 (delta 0), pack-reused 0
To https://github.com/rajvinderkaur99/donet_assignment.git
 * [new branch]      master -> master
Branch 'master' set up to track remote branch 'master' from 'origin'.

ROSY@LAPTOP-5M9C2IVC MINGW64 /e/Sweety/assignment (master)
$ git pull https://github.com/rajvinderkaur99/donet_assignment.git
From https://github.com/rajvinderkaur99/donet_assignment
 * branch            HEAD       -> FETCH_HEAD
Already up to date.

ROSY@LAPTOP-5M9C2IVC MINGW64 /e/Sweety/assignment (master)
$ git pull https://github.com/rajvinderkaur99/donet_assignment.git
remote: Enumerating objects: 5, done.
remote: Counting objects: 100% (5/5), done.
remote: Compressing objects: 100% (3/3), done.
remote: Total 3 (delta 1), reused 0 (delta 0), pack-reused 0
Unpacking objects: 100% (3/3), 718 bytes | 22.00 KiB/s, done.
From https://github.com/rajvinderkaur99/donet_assignment
 * branch            HEAD       -> FETCH_HEAD
Updating 0cf29ad..5d646d6
Fast-forward
 README.md | 3 +++
 1 file changed, 3 insertions(+)

ROSY@LAPTOP-5M9C2IVC MINGW64 /e/Sweety/assignment (master)
$ code README.md

ROSY@LAPTOP-5M9C2IVC MINGW64 /e/Sweety/assignment (master)
$ git log --oneline
5d646d6 (HEAD -> master) Update README.md
0cf29ad (origin/master) Add file.txt file
1da3f7c Add README.md file

ROSY@LAPTOP-5M9C2IVC MINGW64 /e/Sweety/assignment (master)
$ git diff 5d64 0cf29
diff --git a/README.md b/README.md
index 7b3ceee..732b0d6 100644
--- a/README.md
+++ b/README.md
@@ -1,5 +1,2 @@
 ## Precision of Pentecost: Evidence of a Mind
 There is a precise timing of the Pentecost in Acts 2 since it occurred on the same day of the year as the Old Testament Pentecost (Feast of Weeks).  The crucifixion of Jesus occurring on the Passover, the resurrection of Jesus occurring on FirstFruits, and the Pentecost of Acts 2 occurring on the Jewish Feast of Weeks, points to a Mind coordinating these through history.  With so many days in a year why should the crucifixion of Jesus, his resurrection, and then the coming of the Holy Spirit happen precisely on each day of the three spring Old Testament festivals, except if they were planned?  Precision like this happens only if a mind is behind it.
-## This is h2 heading
-### This is h3 heading
-#### This is h4 heading

ROSY@LAPTOP-5M9C2IVC MINGW64 /e/Sweety/assignment (master)
$ git checkout -b test
Switched to a new branch 'test'

ROSY@LAPTOP-5M9C2IVC MINGW64 /e/Sweety/assignment (test)
$ git branch
  master
* test

ROSY@LAPTOP-5M9C2IVC MINGW64 /e/Sweety/assignment (test)
$ git checkout master
Switched to branch 'master'
Your branch is ahead of 'origin/master' by 1 commit.
  (use "git push" to publish your local commits)

ROSY@LAPTOP-5M9C2IVC MINGW64 /e/Sweety/assignment (master)
$ git add .

ROSY@LAPTOP-5M9C2IVC MINGW64 /e/Sweety/assignment (master)
$ git checkout feature
error: pathspec 'feature' did not match any file(s) known to git

ROSY@LAPTOP-5M9C2IVC MINGW64 /e/Sweety/assignment (master)
$ git checkout test
Switched to branch 'test'

ROSY@LAPTOP-5M9C2IVC MINGW64 /e/Sweety/assignment (test)
$ ls
file.txt  README.md

ROSY@LAPTOP-5M9C2IVC MINGW64 /e/Sweety/assignment (test)
$ git checkout master
Switched to branch 'master'
Your branch is ahead of 'origin/master' by 1 commit.
  (use "git push" to publish your local commits)

ROSY@LAPTOP-5M9C2IVC MINGW64 /e/Sweety/assignment (master)
$ git checkout -b test1
Switched to a new branch 'test1'

ROSY@LAPTOP-5M9C2IVC MINGW64 /e/Sweety/assignment (test1)
$ git  -b test1
unknown option: -b
usage: git [--version] [--help] [-C <path>] [-c <name>=<value>]
           [--exec-path[=<path>]] [--html-path] [--man-path] [--info-path]
           [-p | --paginate | -P | --no-pager] [--no-replace-objects] [--bare]
           [--git-dir=<path>] [--work-tree=<path>] [--namespace=<name>]
           <command> [<args>]

ROSY@LAPTOP-5M9C2IVC MINGW64 /e/Sweety/assignment (test1)
$ git checkout master
Switched to branch 'master'
Your branch is ahead of 'origin/master' by 1 commit.
  (use "git push" to publish your local commits)

ROSY@LAPTOP-5M9C2IVC MINGW64 /e/Sweety/assignment (master)
$ git branch
* master
  test
  test1

ROSY@LAPTOP-5M9C2IVC MINGW64 /e/Sweety/assignment (master)
$ git  -b test1
unknown option: -b
usage: git [--version] [--help] [-C <path>] [-c <name>=<value>]
           [--exec-path[=<path>]] [--html-path] [--man-path] [--info-path]
           [-p | --paginate | -P | --no-pager] [--no-replace-objects] [--bare]
           [--git-dir=<path>] [--work-tree=<path>] [--namespace=<name>]
           <command> [<args>]

ROSY@LAPTOP-5M9C2IVC MINGW64 /e/Sweety/assignment (master)
$ git checkout test1
Switched to branch 'test1'

ROSY@LAPTOP-5M9C2IVC MINGW64 /e/Sweety/assignment (test1)
$ git branch
  master
  test
* test1

ROSY@LAPTOP-5M9C2IVC MINGW64 /e/Sweety/assignment (test1)
$ ls
file.txt  README.md

ROSY@LAPTOP-5M9C2IVC MINGW64 /e/Sweety/assignment (test1)
$ code index.html

ROSY@LAPTOP-5M9C2IVC MINGW64 /e/Sweety/assignment (test1)
$ git add .

ROSY@LAPTOP-5M9C2IVC MINGW64 /e/Sweety/assignment (test1)
$ git commit -m "Add index.html file"
[test1 05c5a65] Add index.html file
 1 file changed, 11 insertions(+)
 create mode 100644 index.html

ROSY@LAPTOP-5M9C2IVC MINGW64 /e/Sweety/assignment (test1)
$ git status
On branch test1
nothing to commit, working tree clean

ROSY@LAPTOP-5M9C2IVC MINGW64 /e/Sweety/assignment (test1)
$ git diff test1 master
diff --git a/index.html b/index.html
deleted file mode 100644
index 185bd57..0000000
--- a/index.html
+++ /dev/null
@@ -1,11 +0,0 @@
-<html>
-<head>
-<title>Page Title</title>
-</head>
-<body>
-
-<h1>This is a Heading</h1>
-<p>This is a paragraph.</p>
-
-</body>
-</html>
\ No newline at end of file

ROSY@LAPTOP-5M9C2IVC MINGW64 /e/Sweety/assignment (test1)
$ git checkout master
Switched to branch 'master'
Your branch is ahead of 'origin/master' by 1 commit.
  (use "git push" to publish your local commits)

ROSY@LAPTOP-5M9C2IVC MINGW64 /e/Sweety/assignment (master)
$ git merge test1
Updating 5d646d6..05c5a65
Fast-forward
 index.html | 11 +++++++++++
 1 file changed, 11 insertions(+)
 create mode 100644 index.html

ROSY@LAPTOP-5M9C2IVC MINGW64 /e/Sweety/assignment (master)
$ git status
On branch master
Your branch is ahead of 'origin/master' by 2 commits.
  (use "git push" to publish your local commits)

nothing to commit, working tree clean

ROSY@LAPTOP-5M9C2IVC MINGW64 /e/Sweety/assignment (master)
$ git branch
* master
  test
  test1

ROSY@LAPTOP-5M9C2IVC MINGW64 /e/Sweety/assignment (master)
$ git checkout test
Switched to branch 'test'

ROSY@LAPTOP-5M9C2IVC MINGW64 /e/Sweety/assignment (test)
$ ls
file.txt  README.md

ROSY@LAPTOP-5M9C2IVC MINGW64 /e/Sweety/assignment (test)
$ code index.html

ROSY@LAPTOP-5M9C2IVC MINGW64 /e/Sweety/assignment (test)
$ git add .

ROSY@LAPTOP-5M9C2IVC MINGW64 /e/Sweety/assignment (test)
$ git commit -m "Add index.html file"
On branch test
nothing to commit, working tree clean

ROSY@LAPTOP-5M9C2IVC MINGW64 /e/Sweety/assignment (test)
$ git status
On branch test
nothing to commit, working tree clean

ROSY@LAPTOP-5M9C2IVC MINGW64 /e/Sweety/assignment (test)
$ git commit -m "Add index.html file"
On branch test
nothing to commit, working tree clean

ROSY@LAPTOP-5M9C2IVC MINGW64 /e/Sweety/assignment (test)
$ git checkout master
Switched to branch 'master'
Your branch is ahead of 'origin/master' by 2 commits.
  (use "git push" to publish your local commits)

ROSY@LAPTOP-5M9C2IVC MINGW64 /e/Sweety/assignment (master)
$ code rosy.txt

ROSY@LAPTOP-5M9C2IVC MINGW64 /e/Sweety/assignment (master)
$ git add .

ROSY@LAPTOP-5M9C2IVC MINGW64 /e/Sweety/assignment (master)
$ git commit -m "create rosy.txt file in master"
[master f656f6f] create rosy.txt file in master
 1 file changed, 1 insertion(+)
 create mode 100644 rosy.txt

ROSY@LAPTOP-5M9C2IVC MINGW64 /e/Sweety/assignment (master)
$ git status
On branch master
Your branch is ahead of 'origin/master' by 3 commits.
  (use "git push" to publish your local commits)

nothing to commit, working tree clean

ROSY@LAPTOP-5M9C2IVC MINGW64 /e/Sweety/assignment (master)
$ git checkout test
Switched to branch 'test'

ROSY@LAPTOP-5M9C2IVC MINGW64 /e/Sweety/assignment (test)
$ code index.css

ROSY@LAPTOP-5M9C2IVC MINGW64 /e/Sweety/assignment (test)
$ git add .

ROSY@LAPTOP-5M9C2IVC MINGW64 /e/Sweety/assignment (test)
$ git commit -m " Add new css file in test branch"
[test 572a4fe]  Add new css file in test branch
 1 file changed, 14 insertions(+)
 create mode 100644 index.css

ROSY@LAPTOP-5M9C2IVC MINGW64 /e/Sweety/assignment (test)
$ git status
On branch test
nothing to commit, working tree clean

ROSY@LAPTOP-5M9C2IVC MINGW64 /e/Sweety/assignment (test)
$ git diff test master
diff --git a/index.css b/index.css
deleted file mode 100644
index 59d9c2e..0000000
--- a/index.css
+++ /dev/null
@@ -1,14 +0,0 @@
-body {
-    background-color: lightblue;
-  }
-
-  h1 {
-    color: white;
-    text-align: center;
-  }
-
-  p {
-    font-family: verdana;
-    font-size: 20px;
-  }
-
\ No newline at end of file
diff --git a/index.html b/index.html
new file mode 100644
index 0000000..185bd57
--- /dev/null
+++ b/index.html
@@ -0,0 +1,11 @@
+<html>
+<head>
+<title>Page Title</title>
+</head>
+<body>
+
+<h1>This is a Heading</h1>
+<p>This is a paragraph.</p>
:
ROSY@LAPTOP-5M9C2IVC MINGW64 /e/Sweety/assignment (test)
$ git checkout master
Switched to branch 'master'
Your branch is ahead of 'origin/master' by 3 commits.
  (use "git push" to publish your local commits)

ROSY@LAPTOP-5M9C2IVC MINGW64 /e/Sweety/assignment (master)
$ git merge test
Merge made by the 'recursive' strategy.
 index.css | 14 ++++++++++++++
 1 file changed, 14 insertions(+)
 create mode 100644 index.css

ROSY@LAPTOP-5M9C2IVC MINGW64 /e/Sweety/assignment (master)
$ git status
On branch master
Your branch is ahead of 'origin/master' by 5 commits.
  (use "git push" to publish your local commits)

nothing to commit, working tree clean

ROSY@LAPTOP-5M9C2IVC MINGW64 /e/Sweety/assignment (master)
$ git log --oneline
6af6169 (HEAD -> master) Merge branch 'test'
572a4fe (test)  Add new css file in test branch
f656f6f create rosy.txt file in master
05c5a65 (test1) Add index.html file
5d646d6 Update README.md
0cf29ad (origin/master) Add file.txt file
1da3f7c Add README.md file

ROSY@LAPTOP-5M9C2IVC MINGW64 /e/Sweety/assignment (master)
$ git log --oneline --graph --decorate
*   6af6169 (HEAD -> master) Merge branch 'test'
|\
| * 572a4fe (test)  Add new css file in test branch
* | f656f6f create rosy.txt file in master
* | 05c5a65 (test1) Add index.html file
|/
* 5d646d6 Update README.md
* 0cf29ad (origin/master) Add file.txt file
* 1da3f7c Add README.md file

ROSY@LAPTOP-5M9C2IVC MINGW64 /e/Sweety/assignment (master)
$ git push -u origin master
Enumerating objects: 12, done.
Counting objects: 100% (12/12), done.
Delta compression using up to 8 threads
Compressing objects: 100% (10/10), done.
Writing objects: 100% (11/11), 1.13 KiB | 577.00 KiB/s, done.
Total 11 (delta 4), reused 0 (delta 0), pack-reused 0
remote: Resolving deltas: 100% (4/4), done.
To https://github.com/rajvinderkaur99/donet_assignment.git
   5d646d6..6af6169  master -> master
Branch 'master' set up to track remote branch 'master' from 'origin'.

ROSY@LAPTOP-5M9C2IVC MINGW64 /e/Sweety/assignment (master)
$
